// Jest Snapshot v1, https://goo.gl/fbAQLP

exports[`FavoritesEmpty component test 'FavoritesEmpty component' should render correctly 1`] = `
<div>
  <section
    class="favorites favorites--empty"
  >
    <h1
      class="visually-hidden"
    >
      Favorites (empty)
    </h1>
    <div
      class="favorites__status-wrapper"
    >
      <b
        class="favorites__status"
      >
        Nothing yet saved.
      </b>
      <p
        class="favorites__status-description"
      >
        Save properties to narrow down search or plan your future trips.
      </p>
    </div>
  </section>
</div>
`;
