// Jest Snapshot v1, https://goo.gl/fbAQLP

exports[`Footer component test 'Footer component' should render correctly 1`] = `
<div>
  <footer
    class="footer container"
  >
    <a
      class="footer__logo-link"
      href="/"
    >
      <img
        alt="6 cities logo"
        class="footer__logo"
        height="33"
        src="img/logo.svg"
        width="64"
      />
    </a>
  </footer>
</div>
`;
