// Jest Snapshot v1, https://goo.gl/fbAQLP

exports[`PlacesSorting component test PlacesSorting component' should render correctly 1`] = `
<div>
  <form
    action="#"
    class="places__sorting"
    method="get"
  >
    <span
      class="places__sorting-caption"
    >
      Sort by
    </span>
    <span
      class="places__sorting-type"
      tabindex="0"
    >
      Popular
      <svg
        class="places__sorting-arrow"
        height="4"
        width="7"
      >
        <use
          xlink:href="#icon-arrow-select"
        />
      </svg>
    </span>
    <ul
      class="places__options places__options--custom"
    >
      <li
        class="places__option places__option--active\\""
        tabindex="0"
      >
        Popular
      </li>
      <li
        class="places__option"
        tabindex="0"
      >
        Price: low to high
      </li>
      <li
        class="places__option"
        tabindex="0"
      >
        Price: high to low
      </li>
      <li
        class="places__option"
        tabindex="0"
      >
        Top rated first
      </li>
    </ul>
  </form>
</div>
`;
